# OIR entry=0, exit=3
# BB0 succs={1, 2} preds={}
LABEL entry  # 0
  r1 = IMM 1
  BRANCH r1 label1 label2  # 1, 2
# BB1 succs={3} preds={0}
LABEL label1  # 1
  r3 = ADD r1 r1
  r10 = MOV r3
  JUMP join  # 3
# BB2 succs={3} preds={0}
LABEL label2  # 2
  r5 = ADD r1 r1
  r10 = MOV r5
  JUMP join  # 3
# BB3 succs={} preds={1, 2}
LABEL join  # 3
  r6 = MOV r10
  r7 = ADD r3 r6
  r11 = MOV r7
  r8 = ADD r5 r6
  r12 = MOV r8
  r9 = ADD r7 r8
  r13 = MOV r9
  RETURN r9
